// Jest Snapshot v1, https://goo.gl/fbAQLP

exports[`form test required 1`] = `"{"notes":"arc(0,1000,0.00,1.00,s,1.00,0.00,0,none,false);"}"`;
